// Jest Snapshot v1, https://goo.gl/fbAQLP

exports[`City correctly renders 1`] = `
<li
  className="locations__item"
>
  <a
    className="locations__item-link tabs__item--active tabs__item"
    href="#"
    onClick={[Function]}
  >
    <span>
      Paris
    </span>
  </a>
</li>
`;
