// Jest Snapshot v1, https://goo.gl/fbAQLP

exports[`withCheckLogin correctly renders withCheckLogin correctly renders 1`] = `
Array [
  <header
    className="header"
  >
    <div
      className="container"
    >
      <div
        className="header__wrapper"
      >
        <div
          className="header__left"
        >
          <a
            aria-current="page"
            className="header__logo-link header__logo-link--active"
            href="/"
            onClick={[Function]}
            style={Object {}}
          >
            <img
              alt="6 cities logo"
              className="header__logo"
              height="41"
              src="/img/logo.svg"
              width="81"
            />
          </a>
        </div>
        <nav
          className="header__nav"
        >
          <ul
            className="header__nav-list"
          >
            <li
              className="header__nav-item user"
            >
              <a
                aria-current={null}
                className="header__nav-link header__nav-link--profile"
                href="/favorites"
                onClick={[Function]}
              >
                <div
                  className="header__avatar-wrapper user__avatar-wrapper"
                  style={
                    Object {
                      "backgroundImage": "null",
                    }
                  }
                />
                <span
                  className="header__user-name user__name"
                >
                  Sign In
                </span>
              </a>
            </li>
          </ul>
        </nav>
      </div>
    </div>
  </header>,
  <div
    className="lds-css ng-scope"
    style={
      Object {
        "height": "200px",
        "width": "200px",
      }
    }
  >
    <div
      className="lds-gear"
      style={
        Object {
          "height": "100%",
          "width": "100%",
        }
      }
    >
      <div>
        <div />
        <div />
        <div />
        <div />
        <div />
        <div />
        <div />
        <div />
      </div>
    </div>
  </div>,
  <footer
    className="footer container"
  >
    <a
      aria-current="page"
      className="footer__logo-link active"
      href="/"
      onClick={[Function]}
      style={Object {}}
    >
      <img
        alt="6 cities logo"
        className="footer__logo"
        height="33"
        src="/img/logo.svg"
        width="64"
      />
    </a>
  </footer>,
]
`;
